// Jest Snapshot v1, https://goo.gl/fbAQLP

exports[`rcon-squad getListPlayers 1`] = `
[
  {
    "eosID": "0002fac23f7e47a682750a2b969b3701",
    "isLeader": false,
    "playerID": 3,
    "squadID": null,
    "steamID": "76561198080109192",
    "teamID": 1,
  },
  {
    "eosID": "0002d291d3f04069b0f5d3f11be15888",
    "isLeader": false,
    "playerID": 12,
    "squadID": 1,
    "steamID": "76561198012236668",
    "teamID": 1,
  },
  {
    "eosID": "000245c2ab79457c8f5c1d36e38e2f12",
    "isLeader": false,
    "playerID": 16,
    "squadID": null,
    "steamID": "76561198002231710",
    "teamID": 2,
  },
  {
    "eosID": "0002ece389164a229f1a11e2722df6be",
    "isLeader": true,
    "playerID": 1,
    "squadID": 1,
    "steamID": "76561199394112353",
    "teamID": 2,
  },
]
`;
